 251931977 -I- Model::Model::118                   : rawtiles: opening /home/toby/git/cpp/una-sdk/Docs/Tutorials/RawTilesMap/Resources/stanley.rawtiles -> ok
 251931977 -I- Model::Model::135                   : rawtiles header:
 251931977 -I- Model::Model::160                   : rawtiles: tile[0] first 32 bytes: fa fa fa fa fa fa fa fa fa fa fa fa fa fa fa fa fa fa fa fa fa fa fa fa fa fa fa fa fa fa fa fa 
 251931977 -I- Model::Model::207                   : rawtiles: viewport centre = z=14 x=2587 y=5604
 251931977 -I- Model::Model::216                   : rawtiles: DIAG sDebugPattern at 0x7ffbccaff010 (heap)
 251931977 -I- Model::Model::218                   : rawtiles: DIAG active — slot (col=1,row=1) carries orientation marker
 251931977 -I- Model::Model::233                   : rawtiles: 4/9 viewport tiles found in pack
 251931977 -I- Model::Model::252                   : rawtiles: DIAG registering solid-RED bitmap for slot (col=1,row=1)
 251931977 -I- Model::Model::269                   : rawtiles: DIAG cell (col=1,row=1) id=16 passed=0x7ffbccaff010 stored=0x7ffbccaff010 first_byte=0xc3
 251931977 -I- Model::Model::269                   : rawtiles: DIAG cell (col=2,row=1) id=17 passed=0x7ffbd5640224 stored=0x7ffbd5640224 first_byte=0xea
 251931977 -I- Model::Model::269                   : rawtiles: DIAG cell (col=1,row=2) id=18 passed=0x7ffbd5620224 stored=0x7ffbd5620224 first_byte=0xfa
 251931977 -I- Model::Model::269                   : rawtiles: DIAG cell (col=2,row=2) id=19 passed=0x7ffbd5650224 stored=0x7ffbd5650224 first_byte=0xfa
 251931977 -I- Model::Model::274                   : rawtiles: viewport filled 4/9 cells
 251932856 -I- TileCanvas::draw::45                : draw[0]: area=(0,0 240x72) abs=(0,0 240x72) getW=240 getH=240
 251932856 -I- TileCanvas::operator()::54          :     cell (col=1,row=1) id=16 local=(-136,-136) abs=(-136,-136) first=0xc3
 251932856 -I- TileCanvas::operator()::54          :     cell (col=2,row=1) id=17 local=(120,-136) abs=(120,-136) first=0xea
 251932856 -I- TileCanvas::operator()::54          :     cell (col=1,row=2) id=18 local=(-136,120) abs=(-136,120) first=0xfa
 251932856 -I- TileCanvas::operator()::54          :     cell (col=2,row=2) id=19 local=(120,120) abs=(120,120) first=0xfa
 251932857 -I- TileCanvas::draw::45                : draw[1]: area=(0,72 15x8) abs=(0,72 15x8) getW=240 getH=240
 251932857 -I- TileCanvas::operator()::54          :     cell (col=1,row=1) id=16 local=(-136,-136) abs=(-136,-136) first=0xc3
 251932857 -I- TileCanvas::operator()::54          :     cell (col=2,row=1) id=17 local=(120,-136) abs=(120,-136) first=0xea
 251932857 -I- TileCanvas::operator()::54          :     cell (col=1,row=2) id=18 local=(-136,120) abs=(-136,120) first=0xfa
 251932857 -I- TileCanvas::operator()::54          :     cell (col=2,row=2) id=19 local=(120,120) abs=(120,120) first=0xfa
 251932858 -I- TileCanvas::draw::45                : draw[2]: area=(17,72 223x8) abs=(17,72 223x8) getW=240 getH=240
 251932858 -I- TileCanvas::operator()::54          :     cell (col=1,row=1) id=16 local=(-136,-136) abs=(-136,-136) first=0xc3
 251932858 -I- TileCanvas::operator()::54          :     cell (col=2,row=1) id=17 local=(120,-136) abs=(120,-136) first=0xea
 251932858 -I- TileCanvas::operator()::54          :     cell (col=1,row=2) id=18 local=(-136,120) abs=(-136,120) first=0xfa
 251932858 -I- TileCanvas::operator()::54          :     cell (col=2,row=2) id=19 local=(120,120) abs=(120,120) first=0xfa
 251932858 -I- TileCanvas::draw::45                : draw[3]: area=(0,80 240x81) abs=(0,80 240x81) getW=240 getH=240
 251932858 -I- TileCanvas::operator()::54          :     cell (col=1,row=1) id=16 local=(-136,-136) abs=(-136,-136) first=0xc3
 251932859 -I- TileCanvas::operator()::54          :     cell (col=2,row=1) id=17 local=(120,-136) abs=(120,-136) first=0xea
 251932859 -I- TileCanvas::operator()::54          :     cell (col=1,row=2) id=18 local=(-136,120) abs=(-136,120) first=0xfa
 251932859 -I- TileCanvas::operator()::54          :     cell (col=2,row=2) id=19 local=(120,120) abs=(120,120) first=0xfa
 251932859 -I- TileCanvas::draw::45                : draw[4]: area=(0,161 15x3) abs=(0,161 15x3) getW=240 getH=240
 251932859 -I- TileCanvas::operator()::54          :     cell (col=1,row=1) id=16 local=(-136,-136) abs=(-136,-136) first=0xc3
 251932860 -I- TileCanvas::operator()::54          :     cell (col=2,row=1) id=17 local=(120,-136) abs=(120,-136) first=0xea
 251932860 -I- TileCanvas::operator()::54          :     cell (col=1,row=2) id=18 local=(-136,120) abs=(-136,120) first=0xfa
 251932860 -I- TileCanvas::operator()::54          :     cell (col=2,row=2) id=19 local=(120,120) abs=(120,120) first=0xfa
 251932860 -I- TileCanvas::draw::45                : draw[5]: area=(17,161 223x3) abs=(17,161 223x3) getW=240 getH=240
 251932860 -I- TileCanvas::operator()::54          :     cell (col=1,row=1) id=16 local=(-136,-136) abs=(-136,-136) first=0xc3
 251932861 -I- TileCanvas::operator()::54          :     cell (col=2,row=1) id=17 local=(120,-136) abs=(120,-136) first=0xea
 251932861 -I- TileCanvas::operator()::54          :     cell (col=1,row=2) id=18 local=(-136,120) abs=(-136,120) first=0xfa
 251932861 -I- TileCanvas::operator()::54          :     cell (col=2,row=2) id=19 local=(120,120) abs=(120,120) first=0xfa
 251932861 -I- TileCanvas::draw::45                : draw[6]: area=(0,164 15x5) abs=(0,164 15x5) getW=240 getH=240
 251932861 -I- TileCanvas::operator()::54          :     cell (col=1,row=1) id=16 local=(-136,-136) abs=(-136,-136) first=0xc3
 251932862 -I- TileCanvas::operator()::54          :     cell (col=2,row=1) id=17 local=(120,-136) abs=(120,-136) first=0xea
 251932862 -I- TileCanvas::operator()::54          :     cell (col=1,row=2) id=18 local=(-136,120) abs=(-136,120) first=0xfa
 251932862 -I- TileCanvas::operator()::54          :     cell (col=2,row=2) id=19 local=(120,120) abs=(120,120) first=0xfa
 251932862 -I- TileCanvas::draw::45                : draw[7]: area=(17,164 205x5) abs=(17,164 205x5) getW=240 getH=240
 251932862 -I- TileCanvas::operator()::54          :     cell (col=1,row=1) id=16 local=(-136,-136) abs=(-136,-136) first=0xc3
 251932863 -I- TileCanvas::operator()::54          :     cell (col=2,row=1) id=17 local=(120,-136) abs=(120,-136) first=0xea
 251932863 -I- TileCanvas::operator()::54          :     cell (col=1,row=2) id=18 local=(-136,120) abs=(-136,120) first=0xfa
 251932863 -I- TileCanvas::operator()::54          :     cell (col=2,row=2) id=19 local=(120,120) abs=(120,120) first=0xfa
 251932863 -I- TileCanvas::draw::45                : draw[8]: area=(0,169 222x1) abs=(0,169 222x1) getW=240 getH=240
 251932863 -I- TileCanvas::operator()::54          :     cell (col=1,row=1) id=16 local=(-136,-136) abs=(-136,-136) first=0xc3
 251932864 -I- TileCanvas::operator()::54          :     cell (col=2,row=1) id=17 local=(120,-136) abs=(120,-136) first=0xea
 251932864 -I- TileCanvas::operator()::54          :     cell (col=1,row=2) id=18 local=(-136,120) abs=(-136,120) first=0xfa
 251932864 -I- TileCanvas::operator()::54          :     cell (col=2,row=2) id=19 local=(120,120) abs=(120,120) first=0xfa
 251932864 -I- TileCanvas::draw::45                : draw[9]: area=(225,164 15x6) abs=(225,164 15x6) getW=240 getH=240
 251932864 -I- TileCanvas::operator()::54          :     cell (col=1,row=1) id=16 local=(-136,-136) abs=(-136,-136) first=0xc3
 251932864 -I- TileCanvas::operator()::54          :     cell (col=2,row=1) id=17 local=(120,-136) abs=(120,-136) first=0xea
 251932865 -I- TileCanvas::operator()::54          :     cell (col=1,row=2) id=18 local=(-136,120) abs=(-136,120) first=0xfa
 251932865 -I- TileCanvas::operator()::54          :     cell (col=2,row=2) id=19 local=(120,120) abs=(120,120) first=0xfa
 251932865 -I- TileCanvas::draw::45                : draw[10]: area=(0,170 240x70) abs=(0,170 240x70) getW=240 getH=240
 251932865 -I- TileCanvas::operator()::54          :     cell (col=1,row=1) id=16 local=(-136,-136) abs=(-136,-136) first=0xc3
 251932865 -I- TileCanvas::operator()::54          :     cell (col=2,row=1) id=17 local=(120,-136) abs=(120,-136) first=0xea
 251932866 -I- TileCanvas::operator()::54          :     cell (col=1,row=2) id=18 local=(-136,120) abs=(-136,120) first=0xfa
 251932866 -I- TileCanvas::operator()::54          :     cell (col=2,row=2) id=19 local=(120,120) abs=(120,120) first=0xfa
